<html>
<body>
<pre>
<h1>礦ision Build Log</h1>
<h2>Tool Versions:</h2>
IDE-Version: μVision V5.22.0.0
Copyright (C) 2016 ARM Ltd and ARM Germany GmbH. All rights reserved.
License Information: 1 1, 1, LIC=V8556-DHG5L-GNVA5-GF2FJ-34TUE-SCSHR
 
Tool Versions:
Toolchain:       MDK-ARM Professional  Version: 5.22
Toolchain Path:  D:\KELI\ARM\ARMCC\Bin
C Compiler:      Armcc.exe V5.06 update 4 (build 422)
Assembler:       Armasm.exe V5.06 update 4 (build 422)
Linker/Locator:  ArmLink.exe V5.06 update 4 (build 422)
Library Manager: ArmAr.exe V5.06 update 4 (build 422)
Hex Converter:   FromElf.exe V5.06 update 4 (build 422)
CPU DLL:         SARMCM3.DLL V5.22
Dialog DLL:      DARMSTM.DLL V1.67.0.0
Target DLL:      STLink\ST-LINKIII-KEIL_SWO.dll V2.0.18.0
Dialog DLL:      TARMSTM.DLL V1.66.0.0
 
<h2>Project:</h2>
F:\BaiduNetdiskDownload\【正点原子】精英STM32F103开发板资料 资料盘(A盘)\4，程序源码\2，标准例程-库函数版本\2，标准例程-库函数版本\实验4 串口实验3\USER\USART.uvprojx
Project File Date:  04/06/2021

<h2>Output:</h2>
*** Using Compiler 'V5.06 update 4 (build 422)', folder: 'D:\KELI\ARM\ARMCC\Bin'
Rebuild target 'USART'
compiling main.c...
compiling usart.c...
compiling system_stm32f10x.c...
assembling startup_stm32f10x_hd.s...
compiling led.c...
compiling delay.c...
compiling stm32f10x_it.c...
compiling misc.c...
compiling sys.c...
compiling stm32f10x_gpio.c...
compiling core_cm3.c...
compiling stm32f10x_rcc.c...
compiling stm32f10x_usart.c...
linking...
Program Size: Code=5432 RO-data=336 RW-data=52 ZI-data=1836  
FromELF: creating hex file...
"..\OBJ\USART.axf" - 0 Error(s), 0 Warning(s).

<h2>Collection of Component include folders:</h2>
  F:\BaiduNetdiskDownload\【正点原子】精英STM32F103开发板资料 资料盘(A盘)\4，程序源码\2，标准例程-库函数版本\2，标准例程-库函数版本\实验4 串口实验3\USER\RTE\_USART
  D:\KELI\ARM\PACK\Keil\STM32F1xx_DFP\2.1.0\Device\Include

<h2>Collection of Component Files used:</h2>
Build Time Elapsed:  00:00:04
</pre>
</body>
</html>
